MSBUILD : error : This is an unhandled exception in MSBuild -- PLEASE UPVOTE AN EXISTING ISSUE OR FILE A NEW ONE AT https://aka.ms/msbuild/unhandled [D:\posty5\Posty5-WEB\posty5-dotnet-sdk\src\Posty5.ShortLink\Posty5.ShortLink.csproj]
MSBUILD : error :     System.OutOfMemoryException: Exception of type 'System.OutOfMemoryException' was thrown. [D:\posty5\Posty5-WEB\posty5-dotnet-sdk\src\Posty5.ShortLink\Posty5.ShortLink.csproj]
MSBUILD : error :    at System.Collections.Immutable.ImmutableList.Create[T]() [D:\posty5\Posty5-WEB\posty5-dotnet-sdk\src\Posty5.ShortLink\Posty5.ShortLink.csproj]
MSBUILD : error :    at System.Collections.Immutable.ImmutableList.CreateBuilder[T]() [D:\posty5\Posty5-WEB\posty5-dotnet-sdk\src\Posty5.ShortLink\Posty5.ShortLink.csproj]
MSBUILD : error :    at Microsoft.Build.Evaluation.LazyItemEvaluator`4.UpdateOperation.ApplyImpl(Builder listBuilder, ImmutableHashSet`1 globsToIgnore) [D:\posty5\Posty5-WEB\posty5-dotnet-sdk\src\Posty5.ShortLink\Posty5.ShortLink.csproj]
MSBUILD : error :    at Microsoft.Build.Evaluation.LazyItemEvaluator`4.LazyItemOperation.Apply(Builder listBuilder, ImmutableHashSet`1 globsToIgnore) [D:\posty5\Posty5-WEB\posty5-dotnet-sdk\src\Posty5.ShortLink\Posty5.ShortLink.csproj]
MSBUILD : error :    at Microsoft.Build.Evaluation.LazyItemEvaluator`4.LazyItemList.ComputeItems(LazyItemList lazyItemList, ImmutableHashSet`1 globsToIgnore) [D:\posty5\Posty5-WEB\posty5-dotnet-sdk\src\Posty5.ShortLink\Posty5.ShortLink.csproj]
MSBUILD : error :    at Microsoft.Build.Evaluation.LazyItemEvaluator`4.LazyItemList.GetItemData(ImmutableHashSet`1 globsToIgnore) [D:\posty5\Posty5-WEB\posty5-dotnet-sdk\src\Posty5.ShortLink\Posty5.ShortLink.csproj]
MSBUILD : error :    at System.Linq.Enumerable.SelectManySingleSelectorIterator`2.ToArray() [D:\posty5\Posty5-WEB\posty5-dotnet-sdk\src\Posty5.ShortLink\Posty5.ShortLink.csproj]
MSBUILD : error :    at System.Linq.Enumerable.ToArray[TSource](IEnumerable`1 source) [D:\posty5\Posty5-WEB\posty5-dotnet-sdk\src\Posty5.ShortLink\Posty5.ShortLink.csproj]
MSBUILD : error :    at System.Linq.Enumerable.OrderedIterator`2.MoveNext() [D:\posty5\Posty5-WEB\posty5-dotnet-sdk\src\Posty5.ShortLink\Posty5.ShortLink.csproj]
MSBUILD : error :    at Microsoft.Build.Evaluation.Evaluator`4.Evaluate() [D:\posty5\Posty5-WEB\posty5-dotnet-sdk\src\Posty5.ShortLink\Posty5.ShortLink.csproj]
MSBUILD : error :    at Microsoft.Build.Evaluation.Evaluator`4.Evaluate(IEvaluatorData`4 data, Project project, ProjectRootElement root, ProjectLoadSettings loadSettings, Int32 maxNodeCount, PropertyDictionary`1 environmentProperties, ICollection`1 propertiesFromCommandLine, ILoggingService loggingService, IItemFactory`2 itemFactory, IToolsetProvider toolsetProvider, IDirectoryCacheFactory directoryCacheFactory, ProjectRootElementCacheBase projectRootElementCache, BuildEventContext buildEventContext, ISdkResolverService sdkResolverService, Int32 submissionId, EvaluationContext evaluationContext, Boolean interactive) [D:\posty5\Posty5-WEB\posty5-dotnet-sdk\src\Posty5.ShortLink\Posty5.ShortLink.csproj]
MSBUILD : error :    at Microsoft.Build.Execution.ProjectInstance.Initialize(ProjectRootElement xml, IDictionary`2 globalProperties, String explicitToolsVersion, String explicitSubToolsetVersion, Int32 visualStudioVersionFromSolution, BuildParameters buildParameters, ILoggingService loggingService, BuildEventContext buildEventContext, ISdkResolverService sdkResolverService, Int32 submissionId, Nullable`1 projectLoadSettings, EvaluationContext evaluationContext, IDirectoryCacheFactory directoryCacheFactory) [D:\posty5\Posty5-WEB\posty5-dotnet-sdk\src\Posty5.ShortLink\Posty5.ShortLink.csproj]
MSBUILD : error :    at Microsoft.Build.Execution.ProjectInstance..ctor(String projectFile, IDictionary`2 globalProperties, String toolsVersion, BuildParameters buildParameters, ILoggingService loggingService, BuildEventContext buildEventContext, ISdkResolverService sdkResolverService, Int32 submissionId, Nullable`1 projectLoadSettings) [D:\posty5\Posty5-WEB\posty5-dotnet-sdk\src\Posty5.ShortLink\Posty5.ShortLink.csproj]
MSBUILD : error :    at Microsoft.Build.BackEnd.BuildRequestConfiguration.<>c__DisplayClass65_0.<LoadProjectIntoConfiguration>b__0() [D:\posty5\Posty5-WEB\posty5-dotnet-sdk\src\Posty5.ShortLink\Posty5.ShortLink.csproj]
MSBUILD : error :    at Microsoft.Build.BackEnd.BuildRequestConfiguration.InitializeProject(BuildParameters buildParameters, Func`1 loadProjectFromFile) [D:\posty5\Posty5-WEB\posty5-dotnet-sdk\src\Posty5.ShortLink\Posty5.ShortLink.csproj]
MSBUILD : error :    at Microsoft.Build.BackEnd.RequestBuilder.BuildProject() [D:\posty5\Posty5-WEB\posty5-dotnet-sdk\src\Posty5.ShortLink\Posty5.ShortLink.csproj]
MSBUILD : error :    at Microsoft.Build.BackEnd.RequestBuilder.RequestThreadProc(Boolean setThreadParameters) [D:\posty5\Posty5-WEB\posty5-dotnet-sdk\src\Posty5.ShortLink\Posty5.ShortLink.csproj]
MSBUILD : error : This is an unhandled exception in MSBuild -- PLEASE UPVOTE AN EXISTING ISSUE OR FILE A NEW ONE AT https://aka.ms/msbuild/unhandled [D:\posty5\Posty5-WEB\posty5-dotnet-sdk\tests\Posty5.Tests\Posty5.Tests.csproj]
MSBUILD : error :     System.OutOfMemoryException: Exception of type 'System.OutOfMemoryException' was thrown. [D:\posty5\Posty5-WEB\posty5-dotnet-sdk\tests\Posty5.Tests\Posty5.Tests.csproj]
MSBUILD : error :    at System.Linq.Enumerable.SelectManySingleSelectorIterator`2.ToArray() [D:\posty5\Posty5-WEB\posty5-dotnet-sdk\tests\Posty5.Tests\Posty5.Tests.csproj]
MSBUILD : error :    at System.Linq.Enumerable.SelectManySingleSelectorIterator`2.ToArray() [D:\posty5\Posty5-WEB\posty5-dotnet-sdk\tests\Posty5.Tests\Posty5.Tests.csproj]
MSBUILD : error :    at System.Linq.Enumerable.ToArray[TSource](IEnumerable`1 source) [D:\posty5\Posty5-WEB\posty5-dotnet-sdk\tests\Posty5.Tests\Posty5.Tests.csproj]
MSBUILD : error :    at System.Linq.Enumerable.OrderedIterator`2.MoveNext() [D:\posty5\Posty5-WEB\posty5-dotnet-sdk\tests\Posty5.Tests\Posty5.Tests.csproj]
MSBUILD : error :    at Microsoft.Build.Evaluation.Evaluator`4.Evaluate() [D:\posty5\Posty5-WEB\posty5-dotnet-sdk\tests\Posty5.Tests\Posty5.Tests.csproj]
MSBUILD : error :    at Microsoft.Build.Evaluation.Evaluator`4.Evaluate(IEvaluatorData`4 data, Project project, ProjectRootElement root, ProjectLoadSettings loadSettings, Int32 maxNodeCount, PropertyDictionary`1 environmentProperties, ICollection`1 propertiesFromCommandLine, ILoggingService loggingService, IItemFactory`2 itemFactory, IToolsetProvider toolsetProvider, IDirectoryCacheFactory directoryCacheFactory, ProjectRootElementCacheBase projectRootElementCache, BuildEventContext buildEventContext, ISdkResolverService sdkResolverService, Int32 submissionId, EvaluationContext evaluationContext, Boolean interactive) [D:\posty5\Posty5-WEB\posty5-dotnet-sdk\tests\Posty5.Tests\Posty5.Tests.csproj]
MSBUILD : error :    at Microsoft.Build.Execution.ProjectInstance.Initialize(ProjectRootElement xml, IDictionary`2 globalProperties, String explicitToolsVersion, String explicitSubToolsetVersion, Int32 visualStudioVersionFromSolution, BuildParameters buildParameters, ILoggingService loggingService, BuildEventContext buildEventContext, ISdkResolverService sdkResolverService, Int32 submissionId, Nullable`1 projectLoadSettings, EvaluationContext evaluationContext, IDirectoryCacheFactory directoryCacheFactory) [D:\posty5\Posty5-WEB\posty5-dotnet-sdk\tests\Posty5.Tests\Posty5.Tests.csproj]
MSBUILD : error :    at Microsoft.Build.Execution.ProjectInstance..ctor(String projectFile, IDictionary`2 globalProperties, String toolsVersion, BuildParameters buildParameters, ILoggingService loggingService, BuildEventContext buildEventContext, ISdkResolverService sdkResolverService, Int32 submissionId, Nullable`1 projectLoadSettings) [D:\posty5\Posty5-WEB\posty5-dotnet-sdk\tests\Posty5.Tests\Posty5.Tests.csproj]
MSBUILD : error :    at Microsoft.Build.BackEnd.BuildRequestConfiguration.<>c__DisplayClass65_0.<LoadProjectIntoConfiguration>b__0() [D:\posty5\Posty5-WEB\posty5-dotnet-sdk\tests\Posty5.Tests\Posty5.Tests.csproj]
MSBUILD : error :    at Microsoft.Build.BackEnd.BuildRequestConfiguration.InitializeProject(BuildParameters buildParameters, Func`1 loadProjectFromFile) [D:\posty5\Posty5-WEB\posty5-dotnet-sdk\tests\Posty5.Tests\Posty5.Tests.csproj]
MSBUILD : error :    at Microsoft.Build.BackEnd.RequestBuilder.BuildProject() [D:\posty5\Posty5-WEB\posty5-dotnet-sdk\tests\Posty5.Tests\Posty5.Tests.csproj]
MSBUILD : error :    at Microsoft.Build.BackEnd.RequestBuilder.RequestThreadProc(Boolean setThreadParameters) [D:\posty5\Posty5-WEB\posty5-dotnet-sdk\tests\Posty5.Tests\Posty5.Tests.csproj]
MSBUILD : error : This is an unhandled exception in MSBuild -- PLEASE UPVOTE AN EXISTING ISSUE OR FILE A NEW ONE AT https://aka.ms/msbuild/unhandled [D:\posty5\Posty5-WEB\posty5-dotnet-sdk\src\Posty5.QRCode\Posty5.QRCode.csproj]
MSBUILD : error :     System.OutOfMemoryException: Exception of type 'System.OutOfMemoryException' was thrown. [D:\posty5\Posty5-WEB\posty5-dotnet-sdk\src\Posty5.QRCode\Posty5.QRCode.csproj]
MSBUILD : error :    at Microsoft.Build.Evaluation.LazyItemEvaluator`4.UpdateOperation.SetMatchItemSpec() [D:\posty5\Posty5-WEB\posty5-dotnet-sdk\src\Posty5.QRCode\Posty5.QRCode.csproj]
MSBUILD : error :    at Microsoft.Build.Evaluation.LazyItemEvaluator`4.UpdateOperation.ApplyImpl(Builder listBuilder, ImmutableHashSet`1 globsToIgnore) [D:\posty5\Posty5-WEB\posty5-dotnet-sdk\src\Posty5.QRCode\Posty5.QRCode.csproj]
MSBUILD : error :    at Microsoft.Build.Evaluation.LazyItemEvaluator`4.LazyItemOperation.Apply(Builder listBuilder, ImmutableHashSet`1 globsToIgnore) [D:\posty5\Posty5-WEB\posty5-dotnet-sdk\src\Posty5.QRCode\Posty5.QRCode.csproj]
MSBUILD : error :    at Microsoft.Build.Evaluation.LazyItemEvaluator`4.LazyItemList.ComputeItems(LazyItemList lazyItemList, ImmutableHashSet`1 globsToIgnore) [D:\posty5\Posty5-WEB\posty5-dotnet-sdk\src\Posty5.QRCode\Posty5.QRCode.csproj]
MSBUILD : error :    at Microsoft.Build.Evaluation.LazyItemEvaluator`4.LazyItemList.GetItemData(ImmutableHashSet`1 globsToIgnore) [D:\posty5\Posty5-WEB\posty5-dotnet-sdk\src\Posty5.QRCode\Posty5.QRCode.csproj]
MSBUILD : error :    at System.Linq.Enumerable.SelectManySingleSelectorIterator`2.ToArray() [D:\posty5\Posty5-WEB\posty5-dotnet-sdk\src\Posty5.QRCode\Posty5.QRCode.csproj]
MSBUILD : error :    at System.Linq.Enumerable.ToArray[TSource](IEnumerable`1 source) [D:\posty5\Posty5-WEB\posty5-dotnet-sdk\src\Posty5.QRCode\Posty5.QRCode.csproj]
MSBUILD : error :    at System.Linq.Enumerable.OrderedIterator`2.MoveNext() [D:\posty5\Posty5-WEB\posty5-dotnet-sdk\src\Posty5.QRCode\Posty5.QRCode.csproj]
MSBUILD : error :    at Microsoft.Build.Evaluation.Evaluator`4.Evaluate() [D:\posty5\Posty5-WEB\posty5-dotnet-sdk\src\Posty5.QRCode\Posty5.QRCode.csproj]
MSBUILD : error :    at Microsoft.Build.Evaluation.Evaluator`4.Evaluate(IEvaluatorData`4 data, Project project, ProjectRootElement root, ProjectLoadSettings loadSettings, Int32 maxNodeCount, PropertyDictionary`1 environmentProperties, ICollection`1 propertiesFromCommandLine, ILoggingService loggingService, IItemFactory`2 itemFactory, IToolsetProvider toolsetProvider, IDirectoryCacheFactory directoryCacheFactory, ProjectRootElementCacheBase projectRootElementCache, BuildEventContext buildEventContext, ISdkResolverService sdkResolverService, Int32 submissionId, EvaluationContext evaluationContext, Boolean interactive) [D:\posty5\Posty5-WEB\posty5-dotnet-sdk\src\Posty5.QRCode\Posty5.QRCode.csproj]
MSBUILD : error :    at Microsoft.Build.Execution.ProjectInstance.Initialize(ProjectRootElement xml, IDictionary`2 globalProperties, String explicitToolsVersion, String explicitSubToolsetVersion, Int32 visualStudioVersionFromSolution, BuildParameters buildParameters, ILoggingService loggingService, BuildEventContext buildEventContext, ISdkResolverService sdkResolverService, Int32 submissionId, Nullable`1 projectLoadSettings, EvaluationContext evaluationContext, IDirectoryCacheFactory directoryCacheFactory) [D:\posty5\Posty5-WEB\posty5-dotnet-sdk\src\Posty5.QRCode\Posty5.QRCode.csproj]
MSBUILD : error :    at Microsoft.Build.Execution.ProjectInstance..ctor(String projectFile, IDictionary`2 globalProperties, String toolsVersion, BuildParameters buildParameters, ILoggingService loggingService, BuildEventContext buildEventContext, ISdkResolverService sdkResolverService, Int32 submissionId, Nullable`1 projectLoadSettings) [D:\posty5\Posty5-WEB\posty5-dotnet-sdk\src\Posty5.QRCode\Posty5.QRCode.csproj]
MSBUILD : error :    at Microsoft.Build.BackEnd.BuildRequestConfiguration.<>c__DisplayClass65_0.<LoadProjectIntoConfiguration>b__0() [D:\posty5\Posty5-WEB\posty5-dotnet-sdk\src\Posty5.QRCode\Posty5.QRCode.csproj]
MSBUILD : error :    at Microsoft.Build.BackEnd.BuildRequestConfiguration.InitializeProject(BuildParameters buildParameters, Func`1 loadProjectFromFile) [D:\posty5\Posty5-WEB\posty5-dotnet-sdk\src\Posty5.QRCode\Posty5.QRCode.csproj]
MSBUILD : error :    at Microsoft.Build.BackEnd.RequestBuilder.BuildProject() [D:\posty5\Posty5-WEB\posty5-dotnet-sdk\src\Posty5.QRCode\Posty5.QRCode.csproj]
MSBUILD : error :    at Microsoft.Build.BackEnd.RequestBuilder.RequestThreadProc(Boolean setThreadParameters) [D:\posty5\Posty5-WEB\posty5-dotnet-sdk\src\Posty5.QRCode\Posty5.QRCode.csproj]
MSBUILD : error : This is an unhandled exception in MSBuild -- PLEASE UPVOTE AN EXISTING ISSUE OR FILE A NEW ONE AT https://aka.ms/msbuild/unhandled [D:\posty5\Posty5-WEB\posty5-dotnet-sdk\src\Posty5.SocialPublisherWorkspace\Posty5.SocialPublisherWorkspace.csproj]
MSBUILD : error :     System.OutOfMemoryException: Exception of type 'System.OutOfMemoryException' was thrown. [D:\posty5\Posty5-WEB\posty5-dotnet-sdk\src\Posty5.SocialPublisherWorkspace\Posty5.SocialPublisherWorkspace.csproj]
MSBUILD : error :    at Microsoft.Build.Evaluation.LazyItemEvaluator`4.BuildIncludeOperation(String rootDirectory, ProjectItemElement itemElement, Boolean conditionResult) [D:\posty5\Posty5-WEB\posty5-dotnet-sdk\src\Posty5.SocialPublisherWorkspace\Posty5.SocialPublisherWorkspace.csproj]
MSBUILD : error :    at Microsoft.Build.Evaluation.LazyItemEvaluator`4.ProcessItemElement(String rootDirectory, ProjectItemElement itemElement, Boolean conditionResult) [D:\posty5\Posty5-WEB\posty5-dotnet-sdk\src\Posty5.SocialPublisherWorkspace\Posty5.SocialPublisherWorkspace.csproj]
MSBUILD : error :    at Microsoft.Build.Evaluation.Evaluator`4.EvaluateItemElement(Boolean itemGroupConditionResult, ProjectItemElement itemElement, LazyItemEvaluator`4 lazyEvaluator) [D:\posty5\Posty5-WEB\posty5-dotnet-sdk\src\Posty5.SocialPublisherWorkspace\Posty5.SocialPublisherWorkspace.csproj]
MSBUILD : error :    at Microsoft.Build.Evaluation.Evaluator`4.EvaluateItemGroupElement(ProjectItemGroupElement itemGroupElement, LazyItemEvaluator`4 lazyEvaluator) [D:\posty5\Posty5-WEB\posty5-dotnet-sdk\src\Posty5.SocialPublisherWorkspace\Posty5.SocialPublisherWorkspace.csproj]
MSBUILD : error :    at Microsoft.Build.Evaluation.Evaluator`4.Evaluate() [D:\posty5\Posty5-WEB\posty5-dotnet-sdk\src\Posty5.SocialPublisherWorkspace\Posty5.SocialPublisherWorkspace.csproj]
MSBUILD : error :    at Microsoft.Build.Evaluation.Evaluator`4.Evaluate(IEvaluatorData`4 data, Project project, ProjectRootElement root, ProjectLoadSettings loadSettings, Int32 maxNodeCount, PropertyDictionary`1 environmentProperties, ICollection`1 propertiesFromCommandLine, ILoggingService loggingService, IItemFactory`2 itemFactory, IToolsetProvider toolsetProvider, IDirectoryCacheFactory directoryCacheFactory, ProjectRootElementCacheBase projectRootElementCache, BuildEventContext buildEventContext, ISdkResolverService sdkResolverService, Int32 submissionId, EvaluationContext evaluationContext, Boolean interactive) [D:\posty5\Posty5-WEB\posty5-dotnet-sdk\src\Posty5.SocialPublisherWorkspace\Posty5.SocialPublisherWorkspace.csproj]
MSBUILD : error :    at Microsoft.Build.Execution.ProjectInstance.Initialize(ProjectRootElement xml, IDictionary`2 globalProperties, String explicitToolsVersion, String explicitSubToolsetVersion, Int32 visualStudioVersionFromSolution, BuildParameters buildParameters, ILoggingService loggingService, BuildEventContext buildEventContext, ISdkResolverService sdkResolverService, Int32 submissionId, Nullable`1 projectLoadSettings, EvaluationContext evaluationContext, IDirectoryCacheFactory directoryCacheFactory) [D:\posty5\Posty5-WEB\posty5-dotnet-sdk\src\Posty5.SocialPublisherWorkspace\Posty5.SocialPublisherWorkspace.csproj]
MSBUILD : error :    at Microsoft.Build.Execution.ProjectInstance..ctor(String projectFile, IDictionary`2 globalProperties, String toolsVersion, BuildParameters buildParameters, ILoggingService loggingService, BuildEventContext buildEventContext, ISdkResolverService sdkResolverService, Int32 submissionId, Nullable`1 projectLoadSettings) [D:\posty5\Posty5-WEB\posty5-dotnet-sdk\src\Posty5.SocialPublisherWorkspace\Posty5.SocialPublisherWorkspace.csproj]
MSBUILD : error :    at Microsoft.Build.BackEnd.BuildRequestConfiguration.<>c__DisplayClass65_0.<LoadProjectIntoConfiguration>b__0() [D:\posty5\Posty5-WEB\posty5-dotnet-sdk\src\Posty5.SocialPublisherWorkspace\Posty5.SocialPublisherWorkspace.csproj]
MSBUILD : error :    at Microsoft.Build.BackEnd.BuildRequestConfiguration.InitializeProject(BuildParameters buildParameters, Func`1 loadProjectFromFile) [D:\posty5\Posty5-WEB\posty5-dotnet-sdk\src\Posty5.SocialPublisherWorkspace\Posty5.SocialPublisherWorkspace.csproj]
MSBUILD : error :    at Microsoft.Build.BackEnd.RequestBuilder.BuildProject() [D:\posty5\Posty5-WEB\posty5-dotnet-sdk\src\Posty5.SocialPublisherWorkspace\Posty5.SocialPublisherWorkspace.csproj]
MSBUILD : error :    at Microsoft.Build.BackEnd.RequestBuilder.RequestThreadProc(Boolean setThreadParameters) [D:\posty5\Posty5-WEB\posty5-dotnet-sdk\src\Posty5.SocialPublisherWorkspace\Posty5.SocialPublisherWorkspace.csproj]
MSBUILD : error : This is an unhandled exception in MSBuild -- PLEASE UPVOTE AN EXISTING ISSUE OR FILE A NEW ONE AT https://aka.ms/msbuild/unhandled [D:\posty5\Posty5-WEB\posty5-dotnet-sdk\src\Posty5.SocialPublisherTask\Posty5.SocialPublisherTask.csproj]
MSBUILD : error :     System.OutOfMemoryException: Exception of type 'System.OutOfMemoryException' was thrown. [D:\posty5\Posty5-WEB\posty5-dotnet-sdk\src\Posty5.SocialPublisherTask\Posty5.SocialPublisherTask.csproj]
MSBUILD : error :    at System.Linq.Enumerable.Select[TSource,TResult](IEnumerable`1 source, Func`2 selector) [D:\posty5\Posty5-WEB\posty5-dotnet-sdk\src\Posty5.SocialPublisherTask\Posty5.SocialPublisherTask.csproj]
MSBUILD : error :    at System.Linq.Enumerable.Select[TSource,TResult](IEnumerable`1 source, Func`2 selector) [D:\posty5\Posty5-WEB\posty5-dotnet-sdk\src\Posty5.SocialPublisherTask\Posty5.SocialPublisherTask.csproj]
MSBUILD : error :    at System.Linq.ImmutableArrayExtensions.Select[T,TResult](ImmutableArray`1 immutableArray, Func`2 selector) [D:\posty5\Posty5-WEB\posty5-dotnet-sdk\src\Posty5.SocialPublisherTask\Posty5.SocialPublisherTask.csproj]
MSBUILD : error :    at Microsoft.Build.Evaluation.LazyItemEvaluator`4.IncludeOperation.MutateItems(ImmutableArray`1 items) [D:\posty5\Posty5-WEB\posty5-dotnet-sdk\src\Posty5.SocialPublisherTask\Posty5.SocialPublisherTask.csproj]
MSBUILD : error :    at Microsoft.Build.Evaluation.LazyItemEvaluator`4.LazyItemOperation.ApplyImpl(Builder listBuilder, ImmutableHashSet`1 globsToIgnore) [D:\posty5\Posty5-WEB\posty5-dotnet-sdk\src\Posty5.SocialPublisherTask\Posty5.SocialPublisherTask.csproj]
MSBUILD : error :    at Microsoft.Build.Evaluation.LazyItemEvaluator`4.LazyItemOperation.Apply(Builder listBuilder, ImmutableHashSet`1 globsToIgnore) [D:\posty5\Posty5-WEB\posty5-dotnet-sdk\src\Posty5.SocialPublisherTask\Posty5.SocialPublisherTask.csproj]
MSBUILD : error :    at Microsoft.Build.Evaluation.LazyItemEvaluator`4.LazyItemList.ComputeItems(LazyItemList lazyItemList, ImmutableHashSet`1 globsToIgnore) [D:\posty5\Posty5-WEB\posty5-dotnet-sdk\src\Posty5.SocialPublisherTask\Posty5.SocialPublisherTask.csproj]
MSBUILD : error :    at Microsoft.Build.Evaluation.LazyItemEvaluator`4.LazyItemList.GetItemData(ImmutableHashSet`1 globsToIgnore) [D:\posty5\Posty5-WEB\posty5-dotnet-sdk\src\Posty5.SocialPublisherTask\Posty5.SocialPublisherTask.csproj]
MSBUILD : error :    at Microsoft.Build.Evaluation.LazyItemEvaluator`4.LazyItemList.GetMatchedItems(ImmutableHashSet`1 globsToIgnore) [D:\posty5\Posty5-WEB\posty5-dotnet-sdk\src\Posty5.SocialPublisherTask\Posty5.SocialPublisherTask.csproj]
MSBUILD : error :    at Microsoft.Build.Evaluation.LazyItemEvaluator`4.EvaluatorData.GetItems(String itemType) [D:\posty5\Posty5-WEB\posty5-dotnet-sdk\src\Posty5.SocialPublisherTask\Posty5.SocialPublisherTask.csproj]
MSBUILD : error :    at Microsoft.Build.Evaluation.Expander`2.ItemExpander.ExpandExpressionCapture[S](Expander`2 expander, ItemExpressionCapture expressionCapture, IItemProvider`1 evaluatedItems, IElementLocation elementLocation, ExpanderOptions options, Boolean includeNullEntries, Boolean& isTransformExpression, List`1& itemsFromCapture) [D:\posty5\Posty5-WEB\posty5-dotnet-sdk\src\Posty5.SocialPublisherTask\Posty5.SocialPublisherTask.csproj]
MSBUILD : error :    at Microsoft.Build.Evaluation.Expander`2.ItemExpander.ExpandExpressionCaptureIntoStringBuilder[S](Expander`2 expander, ItemExpressionCapture capture, IItemProvider`1 evaluatedItems, IElementLocation elementLocation, SpanBasedStringBuilder builder, ExpanderOptions options) [D:\posty5\Posty5-WEB\posty5-dotnet-sdk\src\Posty5.SocialPublisherTask\Posty5.SocialPublisherTask.csproj]
MSBUILD : error :    at Microsoft.Build.Evaluation.Expander`2.ItemExpander.ExpandItemVectorsIntoString[T](Expander`2 expander, String expression, IItemProvider`1 items, ExpanderOptions options, IElementLocation elementLocation) [D:\posty5\Posty5-WEB\posty5-dotnet-sdk\src\Posty5.SocialPublisherTask\Posty5.SocialPublisherTask.csproj]
MSBUILD : error :    at Microsoft.Build.Evaluation.Expander`2.ExpandIntoStringLeaveEscaped(String expression, ExpanderOptions options, IElementLocation elementLocation) [D:\posty5\Posty5-WEB\posty5-dotnet-sdk\src\Posty5.SocialPublisherTask\Posty5.SocialPublisherTask.csproj]
MSBUILD : error :    at Microsoft.Build.Evaluation.ConditionEvaluator.ConditionEvaluationState`2.ExpandIntoStringBreakEarly(String expression) [D:\posty5\Posty5-WEB\posty5-dotnet-sdk\src\Posty5.SocialPublisherTask\Posty5.SocialPublisherTask.csproj]
MSBUILD : error :    at Microsoft.Build.Evaluation.StringExpressionNode.EvaluatesToEmpty(IConditionEvaluationState state) [D:\posty5\Posty5-WEB\posty5-dotnet-sdk\src\Posty5.SocialPublisherTask\Posty5.SocialPublisherTask.csproj]
MSBUILD : error :    at Microsoft.Build.Evaluation.MultipleComparisonNode.BoolEvaluate(IConditionEvaluationState state) [D:\posty5\Posty5-WEB\posty5-dotnet-sdk\src\Posty5.SocialPublisherTask\Posty5.SocialPublisherTask.csproj]
MSBUILD : error :    at Microsoft.Build.Evaluation.OperatorExpressionNode.TryBoolEvaluate(IConditionEvaluationState state, Boolean& result) [D:\posty5\Posty5-WEB\posty5-dotnet-sdk\src\Posty5.SocialPublisherTask\Posty5.SocialPublisherTask.csproj]
MSBUILD : error :    at Microsoft.Build.Evaluation.GenericExpressionNode.Evaluate(IConditionEvaluationState state) [D:\posty5\Posty5-WEB\posty5-dotnet-sdk\src\Posty5.SocialPublisherTask\Posty5.SocialPublisherTask.csproj]
MSBUILD : error :    at Microsoft.Build.Evaluation.ConditionEvaluator.EvaluateConditionCollectingConditionedProperties[P,I](String condition, ParserOptions options, Expander`2 expander, ExpanderOptions expanderOptions, Dictionary`2 conditionedPropertiesTable, String evaluationDirectory, ElementLocation elementLocation, IFileSystem fileSystem, LoggingContext loggingContext, ProjectRootElementCacheBase projectRootElementCache) [D:\posty5\Posty5-WEB\posty5-dotnet-sdk\src\Posty5.SocialPublisherTask\Posty5.SocialPublisherTask.csproj]
MSBUILD : error :    at Microsoft.Build.Evaluation.LazyItemEvaluator`4.EvaluateCondition(String condition, ProjectElement element, ExpanderOptions expanderOptions, ParserOptions parserOptions, Expander`2 expander, LazyItemEvaluator`4 lazyEvaluator) [D:\posty5\Posty5-WEB\posty5-dotnet-sdk\src\Posty5.SocialPublisherTask\Posty5.SocialPublisherTask.csproj]
MSBUILD : error :    at Microsoft.Build.Evaluation.Evaluator`4.EvaluateItemGroupElement(ProjectItemGroupElement itemGroupElement, LazyItemEvaluator`4 lazyEvaluator) [D:\posty5\Posty5-WEB\posty5-dotnet-sdk\src\Posty5.SocialPublisherTask\Posty5.SocialPublisherTask.csproj]
MSBUILD : error :    at Microsoft.Build.Evaluation.Evaluator`4.Evaluate() [D:\posty5\Posty5-WEB\posty5-dotnet-sdk\src\Posty5.SocialPublisherTask\Posty5.SocialPublisherTask.csproj]
MSBUILD : error :    at Microsoft.Build.Evaluation.Evaluator`4.Evaluate(IEvaluatorData`4 data, Project project, ProjectRootElement root, ProjectLoadSettings loadSettings, Int32 maxNodeCount, PropertyDictionary`1 environmentProperties, ICollection`1 propertiesFromCommandLine, ILoggingService loggingService, IItemFactory`2 itemFactory, IToolsetProvider toolsetProvider, IDirectoryCacheFactory directoryCacheFactory, ProjectRootElementCacheBase projectRootElementCache, BuildEventContext buildEventContext, ISdkResolverService sdkResolverService, Int32 submissionId, EvaluationContext evaluationContext, Boolean interactive) [D:\posty5\Posty5-WEB\posty5-dotnet-sdk\src\Posty5.SocialPublisherTask\Posty5.SocialPublisherTask.csproj]
MSBUILD : error :    at Microsoft.Build.Execution.ProjectInstance.Initialize(ProjectRootElement xml, IDictionary`2 globalProperties, String explicitToolsVersion, String explicitSubToolsetVersion, Int32 visualStudioVersionFromSolution, BuildParameters buildParameters, ILoggingService loggingService, BuildEventContext buildEventContext, ISdkResolverService sdkResolverService, Int32 submissionId, Nullable`1 projectLoadSettings, EvaluationContext evaluationContext, IDirectoryCacheFactory directoryCacheFactory) [D:\posty5\Posty5-WEB\posty5-dotnet-sdk\src\Posty5.SocialPublisherTask\Posty5.SocialPublisherTask.csproj]
MSBUILD : error :    at Microsoft.Build.Execution.ProjectInstance..ctor(String projectFile, IDictionary`2 globalProperties, String toolsVersion, BuildParameters buildParameters, ILoggingService loggingService, BuildEventContext buildEventContext, ISdkResolverService sdkResolverService, Int32 submissionId, Nullable`1 projectLoadSettings) [D:\posty5\Posty5-WEB\posty5-dotnet-sdk\src\Posty5.SocialPublisherTask\Posty5.SocialPublisherTask.csproj]
MSBUILD : error :    at Microsoft.Build.BackEnd.BuildRequestConfiguration.<>c__DisplayClass65_0.<LoadProjectIntoConfiguration>b__0() [D:\posty5\Posty5-WEB\posty5-dotnet-sdk\src\Posty5.SocialPublisherTask\Posty5.SocialPublisherTask.csproj]
MSBUILD : error :    at Microsoft.Build.BackEnd.BuildRequestConfiguration.InitializeProject(BuildParameters buildParameters, Func`1 loadProjectFromFile) [D:\posty5\Posty5-WEB\posty5-dotnet-sdk\src\Posty5.SocialPublisherTask\Posty5.SocialPublisherTask.csproj]
MSBUILD : error :    at Microsoft.Build.BackEnd.RequestBuilder.BuildProject() [D:\posty5\Posty5-WEB\posty5-dotnet-sdk\src\Posty5.SocialPublisherTask\Posty5.SocialPublisherTask.csproj]
MSBUILD : error :    at Microsoft.Build.BackEnd.RequestBuilder.RequestThreadProc(Boolean setThreadParameters) [D:\posty5\Posty5-WEB\posty5-dotnet-sdk\src\Posty5.SocialPublisherTask\Posty5.SocialPublisherTask.csproj]
MSBUILD : error : This is an unhandled exception in MSBuild -- PLEASE UPVOTE AN EXISTING ISSUE OR FILE A NEW ONE AT https://aka.ms/msbuild/unhandled [D:\posty5\Posty5-WEB\posty5-dotnet-sdk\src\Posty5.HtmlHosting\Posty5.HtmlHosting.csproj]
MSBUILD : error :     System.OutOfMemoryException: Exception of type 'System.OutOfMemoryException' was thrown. [D:\posty5\Posty5-WEB\posty5-dotnet-sdk\src\Posty5.HtmlHosting\Posty5.HtmlHosting.csproj]
MSBUILD : error :    at Microsoft.Build.Evaluation.LazyItemEvaluator`4.BuildIncludeOperation(String rootDirectory, ProjectItemElement itemElement, Boolean conditionResult) [D:\posty5\Posty5-WEB\posty5-dotnet-sdk\src\Posty5.HtmlHosting\Posty5.HtmlHosting.csproj]
MSBUILD : error :    at Microsoft.Build.Evaluation.LazyItemEvaluator`4.ProcessItemElement(String rootDirectory, ProjectItemElement itemElement, Boolean conditionResult) [D:\posty5\Posty5-WEB\posty5-dotnet-sdk\src\Posty5.HtmlHosting\Posty5.HtmlHosting.csproj]
MSBUILD : error :    at Microsoft.Build.Evaluation.Evaluator`4.EvaluateItemElement(Boolean itemGroupConditionResult, ProjectItemElement itemElement, LazyItemEvaluator`4 lazyEvaluator) [D:\posty5\Posty5-WEB\posty5-dotnet-sdk\src\Posty5.HtmlHosting\Posty5.HtmlHosting.csproj]
MSBUILD : error :    at Microsoft.Build.Evaluation.Evaluator`4.EvaluateItemGroupElement(ProjectItemGroupElement itemGroupElement, LazyItemEvaluator`4 lazyEvaluator) [D:\posty5\Posty5-WEB\posty5-dotnet-sdk\src\Posty5.HtmlHosting\Posty5.HtmlHosting.csproj]
MSBUILD : error :    at Microsoft.Build.Evaluation.Evaluator`4.Evaluate() [D:\posty5\Posty5-WEB\posty5-dotnet-sdk\src\Posty5.HtmlHosting\Posty5.HtmlHosting.csproj]
MSBUILD : error :    at Microsoft.Build.Evaluation.Evaluator`4.Evaluate(IEvaluatorData`4 data, Project project, ProjectRootElement root, ProjectLoadSettings loadSettings, Int32 maxNodeCount, PropertyDictionary`1 environmentProperties, ICollection`1 propertiesFromCommandLine, ILoggingService loggingService, IItemFactory`2 itemFactory, IToolsetProvider toolsetProvider, IDirectoryCacheFactory directoryCacheFactory, ProjectRootElementCacheBase projectRootElementCache, BuildEventContext buildEventContext, ISdkResolverService sdkResolverService, Int32 submissionId, EvaluationContext evaluationContext, Boolean interactive) [D:\posty5\Posty5-WEB\posty5-dotnet-sdk\src\Posty5.HtmlHosting\Posty5.HtmlHosting.csproj]
MSBUILD : error :    at Microsoft.Build.Execution.ProjectInstance.Initialize(ProjectRootElement xml, IDictionary`2 globalProperties, String explicitToolsVersion, String explicitSubToolsetVersion, Int32 visualStudioVersionFromSolution, BuildParameters buildParameters, ILoggingService loggingService, BuildEventContext buildEventContext, ISdkResolverService sdkResolverService, Int32 submissionId, Nullable`1 projectLoadSettings, EvaluationContext evaluationContext, IDirectoryCacheFactory directoryCacheFactory) [D:\posty5\Posty5-WEB\posty5-dotnet-sdk\src\Posty5.HtmlHosting\Posty5.HtmlHosting.csproj]
MSBUILD : error :    at Microsoft.Build.Execution.ProjectInstance..ctor(String projectFile, IDictionary`2 globalProperties, String toolsVersion, BuildParameters buildParameters, ILoggingService loggingService, BuildEventContext buildEventContext, ISdkResolverService sdkResolverService, Int32 submissionId, Nullable`1 projectLoadSettings) [D:\posty5\Posty5-WEB\posty5-dotnet-sdk\src\Posty5.HtmlHosting\Posty5.HtmlHosting.csproj]
MSBUILD : error :    at Microsoft.Build.BackEnd.BuildRequestConfiguration.<>c__DisplayClass65_0.<LoadProjectIntoConfiguration>b__0() [D:\posty5\Posty5-WEB\posty5-dotnet-sdk\src\Posty5.HtmlHosting\Posty5.HtmlHosting.csproj]
MSBUILD : error :    at Microsoft.Build.BackEnd.BuildRequestConfiguration.InitializeProject(BuildParameters buildParameters, Func`1 loadProjectFromFile) [D:\posty5\Posty5-WEB\posty5-dotnet-sdk\src\Posty5.HtmlHosting\Posty5.HtmlHosting.csproj]
MSBUILD : error :    at Microsoft.Build.BackEnd.RequestBuilder.BuildProject() [D:\posty5\Posty5-WEB\posty5-dotnet-sdk\src\Posty5.HtmlHosting\Posty5.HtmlHosting.csproj]
MSBUILD : error :    at Microsoft.Build.BackEnd.RequestBuilder.RequestThreadProc(Boolean setThreadParameters) [D:\posty5\Posty5-WEB\posty5-dotnet-sdk\src\Posty5.HtmlHosting\Posty5.HtmlHosting.csproj]
